// Jest Snapshot v1, https://goo.gl/fbAQLP

exports[`Header render component 1`] = `
<header
  className="Header-container"
>
  <img
    alt="logo"
    className="Header-logo-left"
    key="left"
    src="logo.svg"
  />
  <img
    alt="logo"
    className="Header-logo-right"
    key="right"
    src="logo.svg"
  />
</header>
`;
